// Jest Snapshot v1, https://goo.gl/fbAQLP

exports[`TransactionToastUtil renders children 1`] = `
<div>
  <Toast Message Provider
    delay={3000}
    messageData={
      Object {
        "actionHref": "",
        "actionText": "",
        "icon": "",
        "message": "[…Placeholder Message…]",
        "secondaryMessage": "",
        "variant": "default",
      }
    }
  />
</div>
`;
